2025-04-04 04:59:24.004840 - Received CBT.V508.FILE140.PDS from FILE140.XMI 
2025-04-04 04:59:24.005823 - Found $$$#DATE.txt (text/plain) in CBT.V508.FILE140.PDS, moved to PDS/$$$#DATE
2025-04-04 04:59:24.005977 - Found $$INDEX.txt (text/plain) in CBT.V508.FILE140.PDS, moved to PDS/$$INDEX
2025-04-04 04:59:24.006119 - Found $INSTALL.txt (text/plain) in CBT.V508.FILE140.PDS, moved to PDS/$INSTALL
2025-04-04 04:59:24.006241 - Found $MRMCBT.jcl (text/plain) in CBT.V508.FILE140.PDS, moved to PDS/$MRMCBT
2025-04-04 04:59:24.006359 - Found $NOTES.txt (text/plain) in CBT.V508.FILE140.PDS, moved to PDS/$NOTES
2025-04-04 04:59:24.006479 - Found $OVRVIEW.txt (text/plain) in CBT.V508.FILE140.PDS, moved to PDS/$OVRVIEW
2025-04-04 04:59:24.006603 - Found @FILE140.txt (text/plain) in CBT.V508.FILE140.PDS, moved to PDS/@FILE140
2025-04-04 04:59:24.006717 - Found CRCALLOC.txt (text/plain) in CBT.V508.FILE140.PDS, moved to PDS/CRCALLOC
2025-04-04 04:59:24.006829 - Found CRCDUMP.txt (text/plain) in CBT.V508.FILE140.PDS, moved to PDS/CRCDUMP
2025-04-04 04:59:24.006992 - Found CRCLIST.txt (text/plain) in CBT.V508.FILE140.PDS, moved to PDS/CRCLIST
2025-04-04 04:59:24.007110 - Found CRCRESQ.txt (text/plain) in CBT.V508.FILE140.PDS, moved to PDS/CRCRESQ
2025-04-04 04:59:24.007224 - Found CRCRESW.txt (text/plain) in CBT.V508.FILE140.PDS, moved to PDS/CRCRESW
2025-04-04 04:59:24.007335 - Found ISRUDLP.txt (text/plain) in CBT.V508.FILE140.PDS, moved to PDS/ISRUDLP
2025-04-04 04:59:24.007451 - Found MRC01.txt (text/plain) in CBT.V508.FILE140.PDS, moved to PDS/MRC01
2025-04-04 04:59:24.007572 - Found PRCDUMP.txt (text/plain) in CBT.V508.FILE140.PDS, moved to PDS/PRCDUMP
2025-04-04 04:59:24.007699 - Found PRCDUMPT.txt (text/plain) in CBT.V508.FILE140.PDS, moved to PDS/PRCDUMPT
2025-04-04 04:59:24.007809 - Found PRCLISTT.txt (text/plain) in CBT.V508.FILE140.PDS, moved to PDS/PRCLISTT
2025-04-04 04:59:24.007942 - Found PRCLSTT2.txt (text/plain) in CBT.V508.FILE140.PDS, moved to PDS/PRCLSTT2
2025-04-04 04:59:24.008083 - Found PRCMAIN.txt (text/plain) in CBT.V508.FILE140.PDS, moved to PDS/PRCMAIN
2025-04-04 04:59:24.008221 - Found PRCMAINT.txt (text/plain) in CBT.V508.FILE140.PDS, moved to PDS/PRCMAINT
2025-04-04 04:59:24.008332 - Found PRCOVERT.txt (text/plain) in CBT.V508.FILE140.PDS, moved to PDS/PRCOVERT
2025-04-04 04:59:24.008447 - Found PRCRESQ.txt (text/plain) in CBT.V508.FILE140.PDS, moved to PDS/PRCRESQ
2025-04-04 04:59:24.008560 - Found PRCRESQT.txt (text/plain) in CBT.V508.FILE140.PDS, moved to PDS/PRCRESQT
2025-04-04 04:59:24.008675 - Found PRCRESW.txt (text/plain) in CBT.V508.FILE140.PDS, moved to PDS/PRCRESW
2025-04-04 04:59:24.008789 - Found PRCRESWT.txt (text/plain) in CBT.V508.FILE140.PDS, moved to PDS/PRCRESWT
2025-04-04 04:59:24.009028 - Found SRCDUMP.jcl (text/plain) in CBT.V508.FILE140.PDS, moved to PDS/SRCDUMP
2025-04-04 04:59:24.009156 - Found SRCRESQ.jcl (text/plain) in CBT.V508.FILE140.PDS, moved to PDS/SRCRESQ
2025-04-04 04:59:24.009274 - Found SRCRESW.jcl (text/plain) in CBT.V508.FILE140.PDS, moved to PDS/SRCRESW
2025-04-04 04:59:24.009387 - Found UTILMENU.txt (text/plain) in CBT.V508.FILE140.PDS, moved to PDS/UTILMENU
